// Jest Snapshot v1, https://goo.gl/fbAQLP

exports[`About: should render some text 1`] = `[Function]`;
