// Jest Snapshot v1, https://goo.gl/fbAQLP

exports[`App: have routing 1`] = `<App />`;
